{
  "demos/02_create_temp_directory.sql": [
    4
  ],
  "demos/string_util_pkg_demo.sql": [
    39
  ],
  "setup/grants.sql": [
    5
  ]
}