{
  "source/ut_outputreporter.pkb": [
    90
  ],
  "source/ut_plsql.pkb": [
    295
  ],
  "source/ut_plsql_util.pkb": [
    233
  ]
}