{
  "source/ut_plsql.pkb": [
    1279
  ],
  "source/ut_plsql.pks": [
    44
  ]
}